// Jest Snapshot v1, https://goo.gl/fbAQLP

exports[`<BareNode /> renders correctly 1`] = `
<div>
  <span
    class="MuiButtonBase-root MuiButton-root MuiButton-outlined MuiButton-outlinedSecondary MuiButton-sizeSmall MuiButton-outlinedSizeSmall MuiButton-colorSecondary MuiButton-root MuiButton-outlined MuiButton-outlinedSecondary MuiButton-sizeSmall MuiButton-outlinedSizeSmall MuiButton-colorSecondary css-1yaaz5z-MuiButtonBase-root-MuiButton-root"
    role="button"
    tabindex="0"
  >
    <span
      class="MuiButton-icon MuiButton-startIcon MuiButton-iconSizeSmall css-y6rp3m-MuiButton-startIcon"
    >
      <svg
        aria-hidden="true"
        class="MuiSvgIcon-root MuiSvgIcon-fontSizeMedium css-i4bv87-MuiSvgIcon-root"
        focusable="false"
        viewBox="0 0 24 24"
      >
        <svg>
          pod.svg
        </svg>
      </svg>
    </span>
    <div
      class="MuiBox-root css-1rr4qq7"
    />
    <span
      class="MuiTouchRipple-root css-8je8zh-MuiTouchRipple-root"
    />
  </span>
</div>
`;
